// Jest Snapshot v1, https://goo.gl/fbAQLP

exports[`Renders correctly 1`] = `
<div
  className="browse-by-make__header"
>
  <div
    className="container"
  >
    <div
      className="row"
    >
      <div
        className="col"
      >
        <nav
          className="subnav bg-before-default"
        >
          <ul />
        </nav>
      </div>
    </div>
  </div>
  <div
    className="header__content"
  >
    <div
      className="container"
    >
      <div
        className="row"
      >
        <div
          className="col"
        >
          <div
            className="pt-3"
          >
            <nav
              aria-label="breadcrumbs"
              className="nav-breadcrumb"
            >
              <ol
                className="breadcrumb"
              />
            </nav>
          </div>
        </div>
      </div>
      <div
        className="row"
      >
        <div
          className="col"
        >
          <div
            className="pt-3 text-center"
          >
            <header
              className="section-head"
            >
              <div
                className="text-box mb-3"
              >
                <p />
              </div>
              <div
                className="header__selector-section"
              >
                <span
                  className="selector-section__title"
                >
                  Browse car makes
                </span>
                <div
                  className="selector-section__wrapper"
                >
                  <div
                    className="css-btephf"
                    onKeyDown={[Function]}
                  >
                    <div
                      className="css-55nwcx"
                      onMouseDown={[Function]}
                      onTouchEnd={[Function]}
                    >
                      <div
                        className="css-cys4jg"
                      >
                        <div
                          className="css-1492t68"
                        >
                          
                        </div>
                        <input
                          className="css-14uuagi"
                          disabled={false}
                          id="react-select-2-input"
                          onBlur={[Function]}
                          onChange={[Function]}
                          onFocus={[Function]}
                          readOnly={true}
                          tabIndex="0"
                          value=""
                        />
                      </div>
                      <div
                        className="css-1wy0on6"
                      >
                        <span
                          className="css-rb20kt"
                        />
                        <div
                          aria-hidden="true"
                          className="css-1ep9fjw"
                          onMouseDown={[Function]}
                          onTouchEnd={[Function]}
                        >
                          <svg
                            aria-hidden="true"
                            className="css-19bqh2r"
                            focusable="false"
                            height={20}
                            viewBox="0 0 20 20"
                            width={20}
                          >
                            <path
                              d="M4.516 7.548c0.436-0.446 1.043-0.481 1.576 0l3.908 3.747 3.908-3.747c0.533-0.481 1.141-0.446 1.574 0 0.436 0.445 0.408 1.197 0 1.615-0.406 0.418-4.695 4.502-4.695 4.502-0.217 0.223-0.502 0.335-0.787 0.335s-0.57-0.112-0.789-0.335c0 0-4.287-4.084-4.695-4.502s-0.436-1.17 0-1.615z"
                            />
                          </svg>
                        </div>
                      </div>
                    </div>
                  </div>
                </div>
              </div>
            </header>
          </div>
        </div>
      </div>
    </div>
  </div>
</div>
`;
