// Jest Snapshot v1, https://goo.gl/fbAQLP

exports[`renders correctly 1`] = `
<div
  className="container"
>
  <div
    className="row"
  >
    <div
      className="col"
    >
      <section
        className="content auction-content pt-0 bg-before-default"
      >
        
        
      </section>
    </div>
  </div>
</div>
`;
