// Jest Snapshot v1, https://goo.gl/fbAQLP

exports[`renders correctly 1`] = `
<article
  className="col-12 col-md-4 box-filter text-center"
>
  <div
    className="holder"
  >
    <div
      className="img-area"
    >
      <img />
    </div>
    <div
      className="text-box"
    >
      <h2>
        <strong>
          Browse by 
          <br />
        </strong>
      </h2>
      <div
        className="btn-block"
      >
        <button
          className="btn btn-primary btn-ml"
          onClick={[Function]}
        >
          Search
        </button>
      </div>
    </div>
  </div>
</article>
`;
