// Jest Snapshot v1, https://goo.gl/fbAQLP

exports[`renders correctly 1`] = `
<div
  className="model-container container"
>
  <div
    className="row"
  >
    <div
      className="col"
    >
      <section
        className="content extend section-model bg-before-info"
      />
    </div>
  </div>
</div>
`;
