// Jest Snapshot v1, https://goo.gl/fbAQLP

exports[`Renders correctly 1`] = `
<nav
  aria-label="breadcrumbs"
  className="nav-breadcrumb"
>
  <ol
    className="breadcrumb"
  />
</nav>
`;
