// Jest Snapshot v1, https://goo.gl/fbAQLP

exports[`renders correctly 1`] = `
<footer
  className="container"
  id="footer"
>
  <div
    className="row"
  >
    <div
      className="col"
    >
      <div
        className="footer-content row"
        id="footer-accordion"
      >
        <div
          className="col col-12 col-md-3"
        >
          <h4>
            <a
              aria-controls="collapseOne"
              aria-expanded="true"
              data-toggle="collapse"
              href="#collapseOne"
            >
              Registered Office
            </a>
          </h4>
          <div
            className="collapse show"
            data-parent="#footer-accordion"
            id="collapseOne"
          >
            <div
              className="col-area"
            >
              <address>
                <span>
                  4th Floor 
                </span>
                <span>
                  1 Tony Wilson Place
                </span>
                <span>
                  Manchester
                </span>
                <span>
                  M15 4FN
                </span>
                <span>
                  United Kingdom
                </span>
                <span>
                  Registered number: 9439967
                </span>
              </address>
              <ul
                className="app-downloads"
              >
                <li>
                  <a
                    href="#"
                  >
                    <img
                      alt="Download on the App Store"
                      height="36"
                      src=""
                      width="108"
                    />
                  </a>
                </li>
                <li>
                  <a
                    href="#"
                  >
                    <img
                      alt="GET IT ON Google Play"
                      height="36"
                      src=""
                      width="122"
                    />
                  </a>
                </li>
              </ul>
            </div>
          </div>
        </div>
        <nav
          className="col col-12 col-lg-2 col-md-3 nav-footer"
        >
          <h4>
            <a
              aria-controls="collapse2"
              aria-expanded="true"
              className="collapsed"
              data-toggle="collapse"
              href="#collapse2"
            >
              About Car.service
            </a>
          </h4>
          <div
            className="collapse"
            data-parent="#footer-accordion"
            id="collapse2"
          >
            <ul>
              <li>
                <a
                  href="#"
                >
                  About us
                </a>
              </li>
              <li>
                <a
                  href="#"
                >
                  Careers
                </a>
              </li>
              <li>
                <a
                  href="#"
                >
                  Contact us
                </a>
              </li>
              <li>
                <a
                  href="#"
                >
                  Policies and terms
                </a>
              </li>
              <li>
                <a
                  href="#"
                >
                  Advertising
                </a>
              </li>
              <li>
                <a
                  href="#"
                >
                  Complaints
                </a>
              </li>
            </ul>
          </div>
        </nav>
        <nav
          className="col col-12 col-md-3 col-lg-2 nav-footer"
        >
          <h4>
            <a
              aria-controls="collapse3"
              aria-expanded="true"
              className="collapsed"
              data-toggle="collapse"
              href="#collapse3"
            >
              Services we offer
            </a>
          </h4>
          <div
            className="collapse"
            data-parent="#footer-accordion"
            id="collapse3"
          >
            <ul>
              <li>
                <a
                  href="#"
                >
                  Scrap you car
                </a>
              </li>
              <li>
                <a
                  href="#"
                >
                  Car insurance
                </a>
              </li>
              <li>
                <a
                  href="#"
                >
                  Car loans
                </a>
              </li>
              <li>
                <a
                  href="#"
                >
                  Vehicle check
                </a>
              </li>
              <li>
                <a
                  href="#"
                >
                  Car warranty
                </a>
              </li>
              <li>
                <a
                  href="#"
                >
                  Private plates
                </a>
              </li>
            </ul>
          </div>
        </nav>
        <nav
          className="col col-12 col-md-3 col-lg-2 nav-footer"
        >
          <h4>
            <a
              aria-controls="collapse3"
              aria-expanded="true"
              className="collapsed"
              data-toggle="collapse"
              href="#collapse4"
            >
              Dummy column
            </a>
          </h4>
          <div
            className="collapse"
            data-parent="#footer-accordion"
            id="collapse4"
          >
            <ul>
              <li>
                <a
                  href="#"
                >
                  About us
                </a>
              </li>
              <li>
                <a
                  href="#"
                >
                  Careers
                </a>
              </li>
              <li>
                <a
                  href="#"
                >
                  Contact us
                </a>
              </li>
              <li>
                <a
                  href="#"
                >
                  Policies and terms
                </a>
              </li>
              <li>
                <a
                  href="#"
                >
                  Advertising
                </a>
              </li>
              <li>
                <a
                  href="#"
                >
                  Complaints
                </a>
              </li>
            </ul>
          </div>
        </nav>
        <section
          className="col col-12 col-md-12 col-lg-3 newsletter no-collapse"
        >
          <h4>
            Subscribe
          </h4>
          <p>
            Lorem ipsum dolor sit amet, consectetuer adipis cing elit, sed diam nonummy nibh.
          </p>
          <form>
            <div
              className="form-group"
            >
              <input
                className="form-control"
                placeholder="Name"
                type="text"
              />
            </div>
            <div
              className="form-group"
            >
              <input
                className="form-control"
                placeholder="Email address"
                type="email"
              />
            </div>
            <div
              className="btn-block extend"
            >
              <button
                className="btn btn-primary"
                type="submit"
              >
                Subscribe
              </button>
            </div>
          </form>
        </section>
      </div>
      <div
        className="social-info"
      >
        <div
          className="social-networks"
        >
          <h4>
            Follow us
          </h4>
          <ul>
            <li>
              <a
                className="icon-twitter"
                href="#"
              >
                <span
                  className="sr-only"
                >
                  Twitter
                </span>
              </a>
            </li>
            <li>
              <a
                className="icon-facebook"
                href="#"
              >
                <span
                  className="sr-only"
                >
                  Facebook
                </span>
              </a>
            </li>
            <li>
              <a
                className="icon-instagram"
                href="#"
              >
                <span
                  className="sr-only"
                >
                  Instagram
                </span>
              </a>
            </li>
            <li>
              <a
                className="icon-youtube"
                href="#"
              >
                <span
                  className="sr-only"
                >
                  Youtube
                </span>
              </a>
            </li>
            <li>
              <a
                className="icon-googleplus"
                href="#"
              >
                <span
                  className="sr-only"
                >
                  Google Plus
                </span>
              </a>
            </li>
          </ul>
        </div>
        <div
          className="payment-icons"
        >
          <ul
            className="payment-methods"
          >
            <li>
              <img
                alt="VISA"
                height="21"
                src=""
                width="64"
              />
            </li>
            <li>
              <img
                alt="AMERICAN EXPRESS"
                height="23"
                src=""
                width="70"
              />
            </li>
            <li>
              <img
                alt="MASTER CARD"
                height="30"
                src=""
                width="49"
              />
            </li>
            <li>
              <img
                alt="Paypal"
                height="24"
                src=""
                width="90"
              />
            </li>
          </ul>
          <ul
            className="payment-methods"
          >
            <li>
              <img
                alt="Lightcoin"
                height="28"
                src=""
                width="28"
              />
            </li>
            <li>
              <img
                alt="Lightcoin"
                height="27"
                src=""
                width="27"
              />
            </li>
            <li>
              <img
                alt="Lightcoin"
                height="29"
                src=""
                width="29"
              />
            </li>
            <li>
              <img
                alt="Lightcoin"
                height="32"
                src=""
                width="25"
              />
            </li>
          </ul>
        </div>
      </div>
      <div
        className="site-info text-center text-md-left"
      >
        <span
          className="copyright"
        >
          &copy 2018 
          <a
            href="#"
          >
            Car.service
          </a>
        </span>
        <nav
          className="site-links"
        >
          <ul>
            <li>
              <a
                href="#"
              >
                Terms &amp conditions
              </a>
            </li>
            <li>
              <a
                href="#"
              >
                Cookie policy
              </a>
            </li>
            <li>
              <a
                href="#"
              >
                Privacy policy
              </a>
            </li>
          </ul>
        </nav>
      </div>
    </div>
  </div>
</footer>
`;
