// Jest Snapshot v1, https://goo.gl/fbAQLP

exports[`renders correctly 1`] = `
<div>
  <ul
    className="tabset"
  />
  <div
    className="tab-content"
  >
    <div
      className="tab "
    />
  </div>
</div>
`;
